Running Gradle task 'assembleDebug'...                          
Running Gradle task 'assembleDebug'...                              8.5s
